// Jest Snapshot v1, https://goo.gl/fbAQLP

exports[`Dashboard page renders correctly 1`] = `
<div
  className="dashboard-container"
>
  <main
    className="dashboard-content"
  >
    <div
      className="dashboard-user-data"
    >
      <div>
        <h1 />
        <p>
          Email: 
        </p>
        <p>
          Estado: 
        </p>
      </div>
      <img
        alt="avatar"
      />
    </div>
    <button
      className="button"
      onClick={[Function]}
    >
      Log out
    </button>
  </main>
</div>
`;
